// Jest Snapshot v1, https://goo.gl/fbAQLP

exports[`should render Header component correctly 1`] = `
<div>
  <h1>
    hi
  </h1>
</div>
`;
