// Jest Snapshot v1, https://goo.gl/fbAQLP

exports[`should render WasteElement component correctly 1`] = `
<div>
  <p>
    <i
      aria-hidden="true"
      className="fa fa-star"
      onClick={[Function]}
    />
    Garbage (wrapping and typing)
  </p>
  <div
    dangerouslySetInnerHTML={
      Object {
        "__html": Array [
          <ul>
            <li>
              Place item in the 
              <strong>
                Garbage Bin.
              </strong>
            </li>
            <li>
              Place item in the 
              <strong>
                Garbage Bin.
              </strong>
            </li>
          </ul>,
        ],
      }
    }
  />
</div>
`;
